2026-02-26 09:55:25,472 INFO __main__ [MainThread] Logging configured level=INFO console=True file=wip_management.log
2026-02-26 09:55:25,472 INFO __main__ [MainThread] Application starting pid=22724 python=3.11.9
2026-02-26 09:55:25,515 INFO __main__ [MainThread] Runtime start requested
2026-02-26 09:55:25,515 INFO __main__ [wip-runtime] Runtime thread main started
2026-02-26 09:55:25,515 INFO __main__ [wip-runtime] Runtime async bootstrap started
2026-02-26 09:55:25,520 INFO __main__ [wip-runtime] Shared grouping state enabled path=C:\Users\PROMDNGUYEN02\OneDrive - Techtronic Industries Co. Ltd\AES_Mass production - WIP Management\grouping_state.json
2026-02-26 09:55:25,521 ERROR __main__ [wip-runtime] Runtime crashed
Traceback (most recent call last):
  File "C:\python\WIP-management\wip_management\__main__.py", line 234, in _thread_main
    self._loop.run_until_complete(self._run())
  File "C:\Users\PROMDNGUYEN02\AppData\Local\Programs\Python\Python311\Lib\asyncio\base_events.py", line 654, in run_until_complete
    return future.result()
           ^^^^^^^^^^^^^^^
  File "C:\python\WIP-management\wip_management\__main__.py", line 266, in _run
    orchestrator = OrchestratorService(
                   ^^^^^^^^^^^^^^^^^^^^
  File "C:\python\WIP-management\wip_management\application\services\orchestrator.py", line 83, in __init__
    self._tray_cells_cache_ttl = timedelta(seconds=max(0.0, settings.tray_detail_cache_ttl_seconds))
                                                            ^^^^^^^^
NameError: name 'settings' is not defined
2026-02-26 09:55:25,528 ERROR __main__ [MainThread] Runtime start failed error=NameError("name 'settings' is not defined")
2026-02-26 09:55:25,528 INFO __main__ [wip-runtime] Runtime thread main exited
2026-02-26 09:55:25,529 CRITICAL __main__ [MainThread] Unhandled exception on main thread
Traceback (most recent call last):
  File "C:\python\WIP-management\wip_management\__main__.py", line 234, in _thread_main
    self._loop.run_until_complete(self._run())
  File "C:\Users\PROMDNGUYEN02\AppData\Local\Programs\Python\Python311\Lib\asyncio\base_events.py", line 654, in run_until_complete
    return future.result()
           ^^^^^^^^^^^^^^^
  File "C:\python\WIP-management\wip_management\__main__.py", line 266, in _run
    orchestrator = OrchestratorService(
                   ^^^^^^^^^^^^^^^^^^^^
  File "C:\python\WIP-management\wip_management\application\services\orchestrator.py", line 83, in __init__
    self._tray_cells_cache_ttl = timedelta(seconds=max(0.0, settings.tray_detail_cache_ttl_seconds))
                                                            ^^^^^^^^
NameError: name 'settings' is not defined

The above exception was the direct cause of the following exception:

Traceback (most recent call last):
  File "<frozen runpy>", line 198, in _run_module_as_main
  File "<frozen runpy>", line 88, in _run_code
  File "C:\python\WIP-management\wip_management\__main__.py", line 1602, in <module>
    raise SystemExit(main())
                     ^^^^^^
  File "C:\python\WIP-management\wip_management\__main__.py", line 1588, in main
    runtime.start()
  File "C:\python\WIP-management\wip_management\__main__.py", line 154, in start
    raise RuntimeError("Failed to start runtime") from self._start_error
RuntimeError: Failed to start runtime
2026-02-26 09:56:20,897 INFO __main__ [MainThread] Logging configured level=INFO console=True file=wip_management.log
2026-02-26 09:56:20,897 INFO __main__ [MainThread] Application starting pid=19144 python=3.11.9
2026-02-26 09:56:20,932 INFO __main__ [MainThread] Runtime start requested
2026-02-26 09:56:20,934 INFO __main__ [wip-runtime] Runtime thread main started
2026-02-26 09:56:20,937 INFO __main__ [wip-runtime] Runtime async bootstrap started
2026-02-26 09:56:20,937 INFO __main__ [wip-runtime] Shared grouping state enabled path=C:\Users\PROMDNGUYEN02\OneDrive - Techtronic Industries Co. Ltd\AES_Mass production - WIP Management\grouping_state.json
2026-02-26 09:56:20,937 INFO wip_management.infrastructure.messaging.event_bus [wip-runtime] Event bus subscribe subscribers=1 queue_size=20000
2026-02-26 09:56:20,937 INFO __main__ [wip-runtime] Runtime subscribed to event bus queue_size=20000
2026-02-26 09:56:20,941 INFO __main__ [wip-runtime] Runtime bootstrap signal emitted to UI thread
2026-02-26 09:56:20,941 INFO __main__ [MainThread] Runtime thread bootstrapped successfully
2026-02-26 09:56:20,941 INFO __main__ [wip-runtime] Starting orchestrator service
2026-02-26 09:56:21,049 INFO wip_management.application.services.orchestrator [wip-runtime] Orchestrator start begin
2026-02-26 09:56:21,068 INFO wip_management.infrastructure.sqlserver.connection [wip-runtime] Starting SQL pool with 1 driver candidate(s): ['SQL Server']
2026-02-26 09:56:21,111 INFO __main__ [wip-runtime] UI event coalescer loop started
2026-02-26 09:56:21,166 CRITICAL __main__ [MainThread] Unhandled exception on main thread
Traceback (most recent call last):
  File "<frozen runpy>", line 198, in _run_module_as_main
  File "<frozen runpy>", line 88, in _run_code
  File "C:\python\WIP-management\wip_management\__main__.py", line 1602, in <module>
    raise SystemExit(main())
                     ^^^^^^
  File "C:\python\WIP-management\wip_management\__main__.py", line 1590, in main
    window = _MainWindow(vm=vm, runtime=runtime)
             ^^^^^^^^^^^^^^^^^^^^^^^^^^^^^^^^^^^
  File "C:\python\WIP-management\wip_management\__main__.py", line 946, in __init__
    self._assembly_card = _ColumnCard(
                          ^^^^^^^^^^^^
  File "C:\python\WIP-management\wip_management\__main__.py", line 584, in __init__
    header.setDefaultAlignment(int(Qt.AlignmentFlag.AlignCenter | Qt.AlignmentFlag.AlignVCenter))
TypeError: 'PySide6.QtWidgets.QHeaderView.setDefaultAlignment' called with wrong argument types:
  PySide6.QtWidgets.QHeaderView.setDefaultAlignment(int)
Supported signatures:
  PySide6.QtWidgets.QHeaderView.setDefaultAlignment(alignment: PySide6.QtCore.Qt.AlignmentFlag, /)
2026-02-26 09:56:21,313 INFO wip_management.infrastructure.sqlserver.connection [wip-runtime] SQL ODBC driver in use: SQL Server
2026-02-26 09:56:21,313 INFO wip_management.infrastructure.sqlserver.connection [wip-runtime] SQL query concurrency configured limit=1 pool_maxsize=1
2026-02-26 09:56:21,313 INFO wip_management.application.state.state_store [wip-runtime] State store writer loop started queue_size=20000
2026-02-26 09:56:57,113 INFO __main__ [MainThread] Logging configured level=INFO console=True file=wip_management.log
2026-02-26 09:56:57,113 INFO __main__ [MainThread] Application starting pid=15404 python=3.11.9
2026-02-26 09:56:57,151 INFO __main__ [MainThread] Runtime start requested
2026-02-26 09:56:57,151 INFO __main__ [wip-runtime] Runtime thread main started
2026-02-26 09:56:57,151 INFO __main__ [wip-runtime] Runtime async bootstrap started
2026-02-26 09:56:57,157 INFO __main__ [wip-runtime] Shared grouping state enabled path=C:\Users\PROMDNGUYEN02\OneDrive - Techtronic Industries Co. Ltd\AES_Mass production - WIP Management\grouping_state.json
2026-02-26 09:56:57,157 INFO wip_management.infrastructure.messaging.event_bus [wip-runtime] Event bus subscribe subscribers=1 queue_size=20000
2026-02-26 09:56:57,159 INFO __main__ [wip-runtime] Runtime subscribed to event bus queue_size=20000
2026-02-26 09:56:57,159 INFO __main__ [wip-runtime] Runtime bootstrap signal emitted to UI thread
2026-02-26 09:56:57,159 INFO __main__ [MainThread] Runtime thread bootstrapped successfully
2026-02-26 09:56:57,159 INFO __main__ [wip-runtime] Starting orchestrator service
2026-02-26 09:56:57,178 INFO wip_management.application.services.orchestrator [wip-runtime] Orchestrator start begin
2026-02-26 09:56:57,178 INFO wip_management.infrastructure.sqlserver.connection [wip-runtime] Starting SQL pool with 1 driver candidate(s): ['SQL Server']
2026-02-26 09:56:57,212 INFO __main__ [wip-runtime] UI event coalescer loop started
2026-02-26 09:56:57,248 CRITICAL __main__ [MainThread] Unhandled exception on main thread
Traceback (most recent call last):
  File "<frozen runpy>", line 198, in _run_module_as_main
  File "<frozen runpy>", line 88, in _run_code
  File "C:\python\WIP-management\wip_management\__main__.py", line 1602, in <module>
    raise SystemExit(main())
                     ^^^^^^
  File "C:\python\WIP-management\wip_management\__main__.py", line 1590, in main
    window = _MainWindow(vm=vm, runtime=runtime)
             ^^^^^^^^^^^^^^^^^^^^^^^^^^^^^^^^^^^
  File "C:\python\WIP-management\wip_management\__main__.py", line 946, in __init__
    self._assembly_card = _ColumnCard(
                          ^^^^^^^^^^^^
  File "C:\python\WIP-management\wip_management\__main__.py", line 584, in __init__
    header.setDefaultAlignment(int(Qt.AlignmentFlag.AlignCenter | Qt.AlignmentFlag.AlignVCenter))
TypeError: 'PySide6.QtWidgets.QHeaderView.setDefaultAlignment' called with wrong argument types:
  PySide6.QtWidgets.QHeaderView.setDefaultAlignment(int)
Supported signatures:
  PySide6.QtWidgets.QHeaderView.setDefaultAlignment(alignment: PySide6.QtCore.Qt.AlignmentFlag, /)
2026-02-26 09:56:57,320 INFO wip_management.infrastructure.sqlserver.connection [wip-runtime] SQL ODBC driver in use: SQL Server
2026-02-26 09:56:57,320 INFO wip_management.infrastructure.sqlserver.connection [wip-runtime] SQL query concurrency configured limit=1 pool_maxsize=1
2026-02-26 09:56:57,320 INFO wip_management.application.state.state_store [wip-runtime] State store writer loop started queue_size=20000
2026-02-26 09:57:41,577 INFO __main__ [MainThread] Logging configured level=INFO console=True file=wip_management.log
2026-02-26 09:57:41,577 INFO __main__ [MainThread] Application starting pid=28588 python=3.11.9
2026-02-26 09:57:41,613 INFO __main__ [MainThread] Runtime start requested
2026-02-26 09:57:41,618 INFO __main__ [wip-runtime] Runtime thread main started
2026-02-26 09:57:41,618 INFO __main__ [wip-runtime] Runtime async bootstrap started
2026-02-26 09:57:41,618 INFO __main__ [wip-runtime] Shared grouping state enabled path=C:\Users\PROMDNGUYEN02\OneDrive - Techtronic Industries Co. Ltd\AES_Mass production - WIP Management\grouping_state.json
2026-02-26 09:57:41,618 INFO wip_management.infrastructure.messaging.event_bus [wip-runtime] Event bus subscribe subscribers=1 queue_size=20000
2026-02-26 09:57:41,621 INFO __main__ [wip-runtime] Runtime subscribed to event bus queue_size=20000
2026-02-26 09:57:41,622 INFO __main__ [wip-runtime] Runtime bootstrap signal emitted to UI thread
2026-02-26 09:57:41,622 INFO __main__ [MainThread] Runtime thread bootstrapped successfully
2026-02-26 09:57:41,622 INFO __main__ [wip-runtime] Starting orchestrator service
2026-02-26 09:57:41,660 INFO wip_management.application.services.orchestrator [wip-runtime] Orchestrator start begin
2026-02-26 09:57:41,684 INFO wip_management.infrastructure.sqlserver.connection [wip-runtime] Starting SQL pool with 1 driver candidate(s): ['SQL Server']
2026-02-26 09:57:41,684 INFO __main__ [wip-runtime] UI event coalescer loop started
2026-02-26 09:57:41,988 INFO wip_management.infrastructure.sqlserver.connection [wip-runtime] SQL ODBC driver in use: SQL Server
2026-02-26 09:57:41,989 INFO wip_management.infrastructure.sqlserver.connection [wip-runtime] SQL query concurrency configured limit=1 pool_maxsize=1
2026-02-26 09:57:41,990 INFO wip_management.application.state.state_store [wip-runtime] State store writer loop started queue_size=20000
2026-02-26 09:57:42,009 INFO wip_management.application.services.orchestrator [wip-runtime] Initial load window start=2026-02-26T00:00:00 end=2026-02-26T09:57:42.009264 order=ASC
2026-02-26 09:57:42,009 INFO wip_management.infrastructure.sqlserver.ccu_repo [wip-runtime] CCU initial fetch start start_time=2026-02-26T00:00:00 end_time=2026-02-26T09:57:42.009264
2026-02-26 09:57:42,009 INFO wip_management.infrastructure.sqlserver.fpc_repo [wip-runtime] FPC initial fetch start start_time=2026-02-26T00:00:00 end_time=2026-02-26T09:57:42.009264
2026-02-26 09:57:50,242 WARNING wip_management.infrastructure.sqlserver.connection [wip-runtime] SQL query slow elapsed_ms=8233 rows=5000 params=6 sql=SELECT lot_no, start_time, end_time, record_json FROM ( SELECT [LOT_NO] AS lot_no, [START_TIME] AS start_time, [END_TIME] AS end_time, [RECORD_JSON] AS record_json FROM [dbo].[TT_WO_RPARAM_RECORD_CCU] WHERE [END_TIME]...
2026-02-26 09:58:34,855 WARNING wip_management.infrastructure.sqlserver.connection [wip-runtime] SQL query slow elapsed_ms=52843 rows=5000 params=6 sql=SELECT lot_no, start_time, end_time, record_json FROM ( SELECT [LOT_NO] AS lot_no, [START_TIME] AS start_time, [END_TIME] AS end_time, [RECORD_JSON] AS record_json FROM [dbo].[TT_WO_RPARAM_RECORD_FPC] WHERE [END_TIME]...
2026-02-26 09:58:39,589 WARNING wip_management.infrastructure.sqlserver.connection [wip-runtime] SQL query slow elapsed_ms=49338 rows=5000 params=6 sql=SELECT lot_no, start_time, end_time, record_json FROM ( SELECT [LOT_NO] AS lot_no, [START_TIME] AS start_time, [END_TIME] AS end_time, [RECORD_JSON] AS record_json FROM [dbo].[TT_WO_RPARAM_RECORD_CCU] WHERE [END_TIME]...
2026-02-26 09:58:50,569 WARNING wip_management.infrastructure.sqlserver.connection [wip-runtime] SQL query slow elapsed_ms=15715 rows=5000 params=6 sql=SELECT lot_no, start_time, end_time, record_json FROM ( SELECT [LOT_NO] AS lot_no, [START_TIME] AS start_time, [END_TIME] AS end_time, [RECORD_JSON] AS record_json FROM [dbo].[TT_WO_RPARAM_RECORD_FPC] WHERE [END_TIME]...
2026-02-26 09:58:55,571 WARNING wip_management.infrastructure.sqlserver.connection [wip-runtime] SQL query slow elapsed_ms=15966 rows=5000 params=6 sql=SELECT lot_no, start_time, end_time, record_json FROM ( SELECT [LOT_NO] AS lot_no, [START_TIME] AS start_time, [END_TIME] AS end_time, [RECORD_JSON] AS record_json FROM [dbo].[TT_WO_RPARAM_RECORD_CCU] WHERE [END_TIME]...
2026-02-26 09:59:06,502 WARNING wip_management.infrastructure.sqlserver.connection [wip-runtime] SQL query slow elapsed_ms=15925 rows=5000 params=6 sql=SELECT lot_no, start_time, end_time, record_json FROM ( SELECT [LOT_NO] AS lot_no, [START_TIME] AS start_time, [END_TIME] AS end_time, [RECORD_JSON] AS record_json FROM [dbo].[TT_WO_RPARAM_RECORD_FPC] WHERE [END_TIME]...
2026-02-26 09:59:10,955 WARNING wip_management.infrastructure.sqlserver.connection [wip-runtime] SQL query slow elapsed_ms=15382 rows=5000 params=6 sql=SELECT lot_no, start_time, end_time, record_json FROM ( SELECT [LOT_NO] AS lot_no, [START_TIME] AS start_time, [END_TIME] AS end_time, [RECORD_JSON] AS record_json FROM [dbo].[TT_WO_RPARAM_RECORD_CCU] WHERE [END_TIME]...
2026-02-26 09:59:21,999 WARNING wip_management.infrastructure.sqlserver.connection [wip-runtime] SQL query slow elapsed_ms=15486 rows=5000 params=6 sql=SELECT lot_no, start_time, end_time, record_json FROM ( SELECT [LOT_NO] AS lot_no, [START_TIME] AS start_time, [END_TIME] AS end_time, [RECORD_JSON] AS record_json FROM [dbo].[TT_WO_RPARAM_RECORD_FPC] WHERE [END_TIME]...
2026-02-26 09:59:25,355 WARNING wip_management.infrastructure.sqlserver.connection [wip-runtime] SQL query slow elapsed_ms=14394 rows=1632 params=6 sql=SELECT lot_no, start_time, end_time, record_json FROM ( SELECT [LOT_NO] AS lot_no, [START_TIME] AS start_time, [END_TIME] AS end_time, [RECORD_JSON] AS record_json FROM [dbo].[TT_WO_RPARAM_RECORD_CCU] WHERE [END_TIME]...
2026-02-26 09:59:48,814 INFO wip_management.infrastructure.sqlserver.ccu_repo [wip-runtime] CCU initial fetch done elapsed_ms=126804 raw_rows=21632 signals=56
2026-02-26 09:59:48,841 INFO wip_management.application.use_cases.ingest_signals [wip-runtime] Ingest execute merged=56 changed=56 missing_ccu=0 remapped_fpc_by_lot=0 unmapped_fpc_by_lot=0 next_wm=2026-02-26T09:57:25
2026-02-26 09:59:48,841 INFO __main__ [wip-runtime] UI snapshot event trays=56 assembly=0 queue=0 precharge=0
2026-02-26 09:59:48,845 INFO wip_management.presentation.ui.viewmodels [MainThread] BoardViewModel snapshot applied trays=56
2026-02-26 09:59:48,853 INFO wip_management.application.services.orchestrator [wip-runtime] Initial load partial published source=ccu merged=56 changed=56 trays=56
2026-02-26 10:00:00,945 WARNING wip_management.infrastructure.sqlserver.connection [wip-runtime] SQL query slow elapsed_ms=38931 rows=5000 params=6 sql=SELECT lot_no, start_time, end_time, record_json FROM ( SELECT [LOT_NO] AS lot_no, [START_TIME] AS start_time, [END_TIME] AS end_time, [RECORD_JSON] AS record_json FROM [dbo].[TT_WO_RPARAM_RECORD_FPC] WHERE [END_TIME]...
2026-02-26 10:00:12,131 WARNING wip_management.infrastructure.sqlserver.connection [wip-runtime] SQL query slow elapsed_ms=11187 rows=5000 params=6 sql=SELECT lot_no, start_time, end_time, record_json FROM ( SELECT [LOT_NO] AS lot_no, [START_TIME] AS start_time, [END_TIME] AS end_time, [RECORD_JSON] AS record_json FROM [dbo].[TT_WO_RPARAM_RECORD_FPC] WHERE [END_TIME]...
2026-02-26 10:00:38,629 WARNING wip_management.infrastructure.sqlserver.connection [wip-runtime] SQL query slow elapsed_ms=26488 rows=5000 params=6 sql=SELECT lot_no, start_time, end_time, record_json FROM ( SELECT [LOT_NO] AS lot_no, [START_TIME] AS start_time, [END_TIME] AS end_time, [RECORD_JSON] AS record_json FROM [dbo].[TT_WO_RPARAM_RECORD_FPC] WHERE [END_TIME]...
2026-02-26 10:01:05,235 WARNING wip_management.infrastructure.sqlserver.connection [wip-runtime] SQL query slow elapsed_ms=26598 rows=5000 params=6 sql=SELECT lot_no, start_time, end_time, record_json FROM ( SELECT [LOT_NO] AS lot_no, [START_TIME] AS start_time, [END_TIME] AS end_time, [RECORD_JSON] AS record_json FROM [dbo].[TT_WO_RPARAM_RECORD_FPC] WHERE [END_TIME]...
2026-02-26 10:01:15,944 WARNING wip_management.infrastructure.sqlserver.connection [wip-runtime] SQL query slow elapsed_ms=10712 rows=5000 params=6 sql=SELECT lot_no, start_time, end_time, record_json FROM ( SELECT [LOT_NO] AS lot_no, [START_TIME] AS start_time, [END_TIME] AS end_time, [RECORD_JSON] AS record_json FROM [dbo].[TT_WO_RPARAM_RECORD_FPC] WHERE [END_TIME]...
2026-02-26 10:01:28,021 WARNING wip_management.infrastructure.sqlserver.connection [wip-runtime] SQL query slow elapsed_ms=12057 rows=5000 params=6 sql=SELECT lot_no, start_time, end_time, record_json FROM ( SELECT [LOT_NO] AS lot_no, [START_TIME] AS start_time, [END_TIME] AS end_time, [RECORD_JSON] AS record_json FROM [dbo].[TT_WO_RPARAM_RECORD_FPC] WHERE [END_TIME]...
2026-02-26 10:01:32,288 INFO __main__ [MainThread] UI action started action=Auto group
2026-02-26 10:01:32,297 INFO __main__ [ui-action-auto-group] Set auto group requested enabled=True
2026-02-26 10:01:32,298 INFO __main__ [wip-runtime] UI projection event assembly=1 queue=9 precharge=0 ungrouped=0
2026-02-26 10:01:32,320 INFO wip_management.application.services.orchestrator [wip-runtime] Auto group mode changed enabled=True
2026-02-26 10:01:32,320 INFO __main__ [wip-runtime] Set auto group completed enabled=True result={'changed': True, 'auto_group_enabled': True}
2026-02-26 10:01:32,322 INFO __main__ [MainThread] UI action completed action=Auto group
2026-02-26 10:01:35,654 INFO __main__ [MainThread] UI action started action=Auto group
2026-02-26 10:01:35,654 INFO __main__ [ui-action-auto-group] Set auto group requested enabled=False
2026-02-26 10:01:35,654 INFO __main__ [wip-runtime] UI projection event assembly=0 queue=0 precharge=0 ungrouped=56
2026-02-26 10:01:35,678 INFO wip_management.application.services.orchestrator [wip-runtime] Auto group mode changed enabled=False
2026-02-26 10:01:35,678 INFO __main__ [wip-runtime] Set auto group completed enabled=False result={'changed': True, 'auto_group_enabled': False}
2026-02-26 10:01:35,682 INFO __main__ [MainThread] UI action completed action=Auto group
2026-02-26 10:01:38,844 WARNING wip_management.infrastructure.sqlserver.connection [wip-runtime] SQL query slow elapsed_ms=10816 rows=5000 params=6 sql=SELECT lot_no, start_time, end_time, record_json FROM ( SELECT [LOT_NO] AS lot_no, [START_TIME] AS start_time, [END_TIME] AS end_time, [RECORD_JSON] AS record_json FROM [dbo].[TT_WO_RPARAM_RECORD_FPC] WHERE [END_TIME]...
2026-02-26 10:01:51,499 WARNING wip_management.infrastructure.sqlserver.connection [wip-runtime] SQL query slow elapsed_ms=12657 rows=5000 params=6 sql=SELECT lot_no, start_time, end_time, record_json FROM ( SELECT [LOT_NO] AS lot_no, [START_TIME] AS start_time, [END_TIME] AS end_time, [RECORD_JSON] AS record_json FROM [dbo].[TT_WO_RPARAM_RECORD_FPC] WHERE [END_TIME]...
2026-02-26 10:02:01,698 WARNING wip_management.infrastructure.sqlserver.connection [wip-runtime] SQL query slow elapsed_ms=10184 rows=5000 params=6 sql=SELECT lot_no, start_time, end_time, record_json FROM ( SELECT [LOT_NO] AS lot_no, [START_TIME] AS start_time, [END_TIME] AS end_time, [RECORD_JSON] AS record_json FROM [dbo].[TT_WO_RPARAM_RECORD_FPC] WHERE [END_TIME]...
2026-02-26 10:02:12,184 WARNING wip_management.infrastructure.sqlserver.connection [wip-runtime] SQL query slow elapsed_ms=10482 rows=5000 params=6 sql=SELECT lot_no, start_time, end_time, record_json FROM ( SELECT [LOT_NO] AS lot_no, [START_TIME] AS start_time, [END_TIME] AS end_time, [RECORD_JSON] AS record_json FROM [dbo].[TT_WO_RPARAM_RECORD_FPC] WHERE [END_TIME]...
2026-02-26 10:02:22,530 WARNING wip_management.infrastructure.sqlserver.connection [wip-runtime] SQL query slow elapsed_ms=10332 rows=2127 params=6 sql=SELECT lot_no, start_time, end_time, record_json FROM ( SELECT [LOT_NO] AS lot_no, [START_TIME] AS start_time, [END_TIME] AS end_time, [RECORD_JSON] AS record_json FROM [dbo].[TT_WO_RPARAM_RECORD_FPC] WHERE [END_TIME]...
2026-02-26 10:03:27,487 INFO wip_management.infrastructure.sqlserver.fpc_repo [wip-runtime] FPC initial fetch done elapsed_ms=345481 raw_rows=72127 signals=47
2026-02-26 10:03:27,531 INFO wip_management.application.use_cases.ingest_signals [wip-runtime] Ingest execute merged=103 changed=103 missing_ccu=0 remapped_fpc_by_lot=0 unmapped_fpc_by_lot=0 next_wm=2026-02-26T09:57:25
2026-02-26 10:03:27,531 INFO __main__ [wip-runtime] UI snapshot event trays=56 assembly=0 queue=0 precharge=0
2026-02-26 10:03:27,535 INFO wip_management.presentation.ui.viewmodels [MainThread] BoardViewModel snapshot applied trays=56
2026-02-26 10:03:27,560 INFO wip_management.application.services.orchestrator [wip-runtime] Initial load completed elapsed_ms=345552 merged=103 trays=56 ccu=56 fpc=47 overlap=47 backfill_changed=False watermark=2026-02-26T09:57:42.009264 partial_source=ccu
2026-02-26 10:03:27,566 INFO wip_management.application.services.orchestrator [wip-runtime] Orchestrator start completed
2026-02-26 10:03:27,566 INFO __main__ [wip-runtime] Orchestrator started successfully, entering wait state
2026-02-26 10:03:27,566 INFO wip_management.application.services.orchestrator [wip-runtime] Refresh loop started interval_seconds=1.0
2026-02-26 10:03:29,573 INFO __main__ [MainThread] UI action started action=Auto group
2026-02-26 10:03:29,573 INFO __main__ [ui-action-auto-group] Set auto group requested enabled=True
2026-02-26 10:03:29,573 INFO __main__ [wip-runtime] UI projection event assembly=1 queue=1 precharge=8 ungrouped=0
2026-02-26 10:03:29,589 INFO wip_management.application.services.orchestrator [wip-runtime] Auto group mode changed enabled=True
2026-02-26 10:03:29,589 INFO __main__ [wip-runtime] Set auto group completed enabled=True result={'changed': True, 'auto_group_enabled': True}
2026-02-26 10:03:29,604 INFO __main__ [MainThread] UI action completed action=Auto group
2026-02-26 10:03:35,366 INFO __main__ [ui-tray-detail-VB050003137-1] Tray detail requested tray_id=VB050003137
2026-02-26 10:03:37,902 WARNING wip_management.infrastructure.sqlserver.connection [wip-runtime] SQL query slow elapsed_ms=10323 rows=1 params=2 sql=SELECT MAX(signal_time) AS latest_signal_time FROM ( SELECT MAX([END_TIME]) AS signal_time FROM [dbo].[TT_WO_RPARAM_RECORD_CCU] WHERE [END_TIME] IS NOT NULL AND [END_TIME] <= ? UNION ALL SELECT MAX([START_TIME]) AS si...
2026-02-26 10:03:42,468 INFO __main__ [ui-tray-detail-VB050000395-1] Tray detail requested tray_id=VB050000395
2026-02-26 10:03:48,133 INFO __main__ [ui-tray-detail-VB040003121-1] Tray detail requested tray_id=VB040003121
2026-02-26 10:03:48,243 WARNING wip_management.infrastructure.sqlserver.connection [wip-runtime] SQL query slow elapsed_ms=20673 rows=1 params=2 sql=SELECT MAX(signal_time) AS latest_signal_time FROM ( SELECT MAX([END_TIME]) AS signal_time FROM [dbo].[TT_WO_RPARAM_RECORD_FPC] WHERE [END_TIME] IS NOT NULL AND [END_TIME] <= ? UNION ALL SELECT MAX([START_TIME]) AS si...
2026-02-26 10:03:52,160 INFO __main__ [ui-tray-detail-VB050002917-1] Tray detail requested tray_id=VB050002917
2026-02-26 10:04:01,886 WARNING wip_management.infrastructure.sqlserver.connection [wip-runtime] SQL query slow elapsed_ms=26518 rows=400 params=5 sql=SELECT TOP 5000 lot_no, start_time, end_time, record_json FROM ( SELECT [LOT_NO] AS lot_no, [START_TIME] AS start_time, [END_TIME] AS end_time, [RECORD_JSON] AS record_json FROM [dbo].[TT_WO_RPARAM_RECORD_CCU] WHERE [...
2026-02-26 10:04:02,192 INFO wip_management.infrastructure.sqlserver.ccu_repo [wip-runtime] CCU tray detail fetch tray_id=VB050003137 cells=400 raw_rows=400 start_time=2026-02-26T00:00:00 end_time=2026-02-26T10:03:35.366695
2026-02-26 10:04:02,202 INFO wip_management.application.services.orchestrator [wip-runtime] Tray detail fetched tray_id=VB050003137 rows=400 elapsed_ms=26832
2026-02-26 10:04:09,989 WARNING wip_management.infrastructure.sqlserver.connection [wip-runtime] SQL query slow elapsed_ms=27514 rows=180 params=5 sql=SELECT TOP 5000 lot_no, start_time, end_time, record_json FROM ( SELECT [LOT_NO] AS lot_no, [START_TIME] AS start_time, [END_TIME] AS end_time, [RECORD_JSON] AS record_json FROM [dbo].[TT_WO_RPARAM_RECORD_CCU] WHERE [...
2026-02-26 10:04:10,153 INFO wip_management.infrastructure.sqlserver.ccu_repo [wip-runtime] CCU tray detail fetch tray_id=VB050000395 cells=180 raw_rows=180 start_time=2026-02-26T00:00:00 end_time=2026-02-26T10:03:42.468349
2026-02-26 10:04:10,153 INFO wip_management.application.services.orchestrator [wip-runtime] Tray detail fetched tray_id=VB050000395 rows=180 elapsed_ms=27680
